// Jest Snapshot v1, https://goo.gl/fbAQLP

exports[`<Rating /> renders correctly 1`] = `
<View
  style={
    Object {
      "alignItems": "center",
      "flexDirection": "row",
      "justifyContent": "space-around",
      "width": 750,
    }
  }
>
  <TouchableOpacity
    activeOpacity={0.2}
    onPress={[Function]}
  >
    <Image
      source={1}
    />
  </TouchableOpacity>
  <View
    style={
      Object {
        "alignItems": "center",
        "width": 250,
      }
    }
  >
    <Text
      accessible={true}
      allowFontScaling={true}
      disabled={false}
      ellipsizeMode="tail"
      style={
        Object {
          "color": "#4d4d4d",
          "fontFamily": "RobotoSlab-Regular",
          "fontSize": 56,
          "fontWeight": "bold",
        }
      }
    />
    <Separator
      color="#8cc63f"
      width={160}
    />
    <Photo
      color="#808080"
      size={16}
    >
      Rating
    </Photo>
  </View>
  <TouchableOpacity
    activeOpacity={0.2}
    onPress={[Function]}
  >
    <Image
      source={1}
    />
  </TouchableOpacity>
</View>
`;
