// Jest Snapshot v1, https://goo.gl/fbAQLP

exports[`<Title /> renders correctly 1`] = `
<Text
  accessible={true}
  allowFontScaling={true}
  disabled={false}
  ellipsizeMode="tail"
  style={
    Object {
      "color": "#4d4d4d",
      "fontFamily": "RobotoSlab-Regular",
      "fontSize": undefined,
      "fontWeight": "normal",
    }
  }
/>
`;
